     1                                  ; STARTLCK.COM - mode-4 start-line acquisition experiment for MartyPC.
     2                                  ; Build: .venv/Scripts/python.exe tools/build_startlock.py
     3                                  ; Lake reference bytes keep their original addresses, 0182h..03FFh.
     4                                  ; New mode-4 feedback and marker are experimental, not hardware certification.
     5                                  bits 16
     6                                  cpu 8086
     7                                  org 100h
     8                                  
     9                                  %ifndef MARKER_TICKS
    10                                  %define MARKER_TICKS 3496       ; (38 blank-to-top + 8 visible) * 76 PIT ticks
    11                                  %endif
    12                                  %ifndef DISPLAY_FRAMES
    13                                  %define DISPLAY_FRAMES 3600     ; about 60 seconds, or Escape
    14                                  %endif
    15                                  %ifndef ENTRY_NOPS
    16                                  %define ENTRY_NOPS 0
    17                                  %endif
    18                                  
    19 00000000 E9FD07                      jmp setup
    20 00000003 90<rep 7Fh>                 times 0182h-($-$$+100h) db 90h
    21                                  %include "external/research/startlock-build/lake_reference.inc"
     1                              <1> L_0182:
     2 00000082 BAD803              <1>     db 0xBA, 0xD8, 0x03                           ; 0182  mov dx, 0x3d8
     3 00000085 B000                <1>     db 0xB0, 0x00                                 ; 0185  mov al, 0
     4 00000087 EE                  <1>     db 0xEE                                       ; 0187  out dx, al
     5 00000088 42                  <1>     db 0x42                                       ; 0188  inc dx
     6 00000089 B000                <1>     db 0xB0, 0x00                                 ; 0189  mov al, 0
     7 0000008B EE                  <1>     db 0xEE                                       ; 018B  out dx, al
     8 0000008C B2D4                <1>     db 0xB2, 0xD4                                 ; 018C  mov dl, 0xd4
     9                              <1> 
    10                              <1> ; Initial 40-column timing: 57 chars/line, 262 scanlines/frame.
    11                              <1> L_018E:
    12 0000008E B80038              <1>     db 0xB8, 0x00, 0x38                           ; 018E  mov ax, 0x3800
    13 00000091 EF                  <1>     db 0xEF                                       ; 0191  out dx, ax
    14 00000092 B80128              <1>     db 0xB8, 0x01, 0x28                           ; 0192  mov ax, 0x2801
    15 00000095 EF                  <1>     db 0xEF                                       ; 0195  out dx, ax
    16 00000096 B8022D              <1>     db 0xB8, 0x02, 0x2D                           ; 0196  mov ax, 0x2d02
    17 00000099 EF                  <1>     db 0xEF                                       ; 0199  out dx, ax
    18 0000009A B8030A              <1>     db 0xB8, 0x03, 0x0A                           ; 019A  mov ax, 0xa03
    19 0000009D EF                  <1>     db 0xEF                                       ; 019D  out dx, ax
    20 0000009E B8041F              <1>     db 0xB8, 0x04, 0x1F                           ; 019E  mov ax, 0x1f04
    21 000000A1 EF                  <1>     db 0xEF                                       ; 01A1  out dx, ax
    22 000000A2 B80506              <1>     db 0xB8, 0x05, 0x06                           ; 01A2  mov ax, 0x605
    23 000000A5 EF                  <1>     db 0xEF                                       ; 01A5  out dx, ax
    24 000000A6 B80619              <1>     db 0xB8, 0x06, 0x19                           ; 01A6  mov ax, 0x1906
    25 000000A9 EF                  <1>     db 0xEF                                       ; 01A9  out dx, ax
    26 000000AA B8071C              <1>     db 0xB8, 0x07, 0x1C                           ; 01AA  mov ax, 0x1c07
    27 000000AD EF                  <1>     db 0xEF                                       ; 01AD  out dx, ax
    28 000000AE B80802              <1>     db 0xB8, 0x08, 0x02                           ; 01AE  mov ax, 0x208
    29 000000B1 EF                  <1>     db 0xEF                                       ; 01B1  out dx, ax
    30 000000B2 B80907              <1>     db 0xB8, 0x09, 0x07                           ; 01B2  mov ax, 0x709
    31 000000B5 EF                  <1>     db 0xEF                                       ; 01B5  out dx, ax
    32 000000B6 B80A06              <1>     db 0xB8, 0x0A, 0x06                           ; 01B6  mov ax, 0x60a
    33 000000B9 EF                  <1>     db 0xEF                                       ; 01B9  out dx, ax
    34 000000BA B80B07              <1>     db 0xB8, 0x0B, 0x07                           ; 01BA  mov ax, 0x70b
    35 000000BD EF                  <1>     db 0xEF                                       ; 01BD  out dx, ax
    36 000000BE B80C00              <1>     db 0xB8, 0x0C, 0x00                           ; 01BE  mov ax, 0xc
    37 000000C1 EF                  <1>     db 0xEF                                       ; 01C1  out dx, ax
    38 000000C2 40                  <1>     db 0x40                                       ; 01C2  inc ax
    39 000000C3 EF                  <1>     db 0xEF                                       ; 01C3  out dx, ax
    40 000000C4 B80E03              <1>     db 0xB8, 0x0E, 0x03                           ; 01C4  mov ax, 0x30e
    41 000000C7 EF                  <1>     db 0xEF                                       ; 01C7  out dx, ax
    42 000000C8 B80FC0              <1>     db 0xB8, 0x0F, 0xC0                           ; 01C8  mov ax, 0xc00f
    43 000000CB EF                  <1>     db 0xEF                                       ; 01CB  out dx, ax
    44 000000CC B2DA                <1>     db 0xB2, 0xDA                                 ; 01CC  mov dl, 0xda
    45                              <1> 
    46                              <1> ; Wait for VSYNC bit 3 low, then high (port 3DAh).
    47                              <1> L_01CE:
    48 000000CE EC                  <1>     db 0xEC                                       ; 01CE  in al, dx
    49 000000CF A808                <1>     db 0xA8, 0x08                                 ; 01CF  test al, 8
    50 000000D1 75FB                <1>     db 0x75, 0xFB                                 ; 01D1  jne 0x1ce
    51 000000D3 EC                  <1>     db 0xEC                                       ; 01D3  in al, dx
    52 000000D4 A808                <1>     db 0xA8, 0x08                                 ; 01D4  test al, 8
    53 000000D6 74FB                <1>     db 0x74, 0xFB                                 ; 01D6  je 0x1d3
    54                              <1> 
    55                              <1> ; Wait for status bit 0 LOW (active display timing).
    56                              <1> L_01D8:
    57 000000D8 EC                  <1>     db 0xEC                                       ; 01D8  in al, dx
    58 000000D9 A801                <1>     db 0xA8, 0x01                                 ; 01D9  test al, 1
    59 000000DB 75FB                <1>     db 0x75, 0xFB                                 ; 01DB  jne 0x1d8
    60                              <1> 
    61                              <1> ; Tiny CRTC geometry: R0=1, R4=1, R9=0; HSYNC unreachable.
    62                              <1> L_01DD:
    63 000000DD BAD403              <1>     db 0xBA, 0xD4, 0x03                           ; 01DD  mov dx, 0x3d4
    64 000000E0 B80001              <1>     db 0xB8, 0x00, 0x01                           ; 01E0  mov ax, 0x100
    65 000000E3 EF                  <1>     db 0xEF                                       ; 01E3  out dx, ax
    66 000000E4 B80101              <1>     db 0xB8, 0x01, 0x01                           ; 01E4  mov ax, 0x101
    67 000000E7 EF                  <1>     db 0xEF                                       ; 01E7  out dx, ax
    68 000000E8 B8022D              <1>     db 0xB8, 0x02, 0x2D                           ; 01E8  mov ax, 0x2d02
    69 000000EB EF                  <1>     db 0xEF                                       ; 01EB  out dx, ax
    70 000000EC B8030A              <1>     db 0xB8, 0x03, 0x0A                           ; 01EC  mov ax, 0xa03
    71 000000EF EF                  <1>     db 0xEF                                       ; 01EF  out dx, ax
    72 000000F0 B80401              <1>     db 0xB8, 0x04, 0x01                           ; 01F0  mov ax, 0x104
    73 000000F3 EF                  <1>     db 0xEF                                       ; 01F3  out dx, ax
    74 000000F4 B80500              <1>     db 0xB8, 0x05, 0x00                           ; 01F4  mov ax, 5
    75 000000F7 EF                  <1>     db 0xEF                                       ; 01F7  out dx, ax
    76 000000F8 B80601              <1>     db 0xB8, 0x06, 0x01                           ; 01F8  mov ax, 0x106
    77 000000FB EF                  <1>     db 0xEF                                       ; 01FB  out dx, ax
    78 000000FC B8071D              <1>     db 0xB8, 0x07, 0x1D                           ; 01FC  mov ax, 0x1d07
    79 000000FF EF                  <1>     db 0xEF                                       ; 01FF  out dx, ax
    80 00000100 B80802              <1>     db 0xB8, 0x08, 0x02                           ; 0200  mov ax, 0x208
    81 00000103 EF                  <1>     db 0xEF                                       ; 0203  out dx, ax
    82 00000104 B80900              <1>     db 0xB8, 0x09, 0x00                           ; 0204  mov ax, 9
    83 00000107 EF                  <1>     db 0xEF                                       ; 0207  out dx, ax
    84                              <1> 
    85                              <1> ; Disable maskable interrupts before refresh and bus alignment.
    86                              <1> L_0208:
    87 00000108 FA                  <1>     db 0xFA                                       ; 0208  cli
    88 00000109 FC                  <1>     db 0xFC                                       ; 0209  cld
    89 0000010A 31C0                <1>     db 0x31, 0xC0                                 ; 020A  xor ax, ax
    90 0000010C 8ED8                <1>     db 0x8E, 0xD8                                 ; 020C  mov ds, ax
    91 0000010E 89C6                <1>     db 0x89, 0xC6                                 ; 020E  mov si, ax
    92 00000110 B90001              <1>     db 0xB9, 0x00, 0x01                           ; 0210  mov cx, 0x100
    93                              <1> 
    94                              <1> ; PIT1 control 54h: mode 2, LSB only; temporary refresh count 2.
    95                              <1> L_0213:
    96 00000113 B054                <1>     db 0xB0, 0x54                                 ; 0213  mov al, 0x54
    97 00000115 E643                <1>     db 0xE6, 0x43                                 ; 0215  out 0x43, al
    98 00000117 B002                <1>     db 0xB0, 0x02                                 ; 0217  mov al, 2
    99 00000119 E641                <1>     db 0xE6, 0x41                                 ; 0219  out 0x41, al
   100                              <1> 
   101                              <1> ; 256 word reads from RAM while rapid refresh runs.
   102                              <1> L_021B:
   103 0000011B F3AD                <1>     db 0xF3, 0xAD                                 ; 021B  rep lodsw ax, word ptr [si]
   104                              <1> 
   105                              <1> ; PIT1 control 50h: mode 0, then count 1; stops periodic refresh.
   106                              <1> L_021D:
   107 0000011D B050                <1>     db 0xB0, 0x50                                 ; 021D  mov al, 0x50
   108 0000011F E643                <1>     db 0xE6, 0x43                                 ; 021F  out 0x43, al
   109 00000121 B001                <1>     db 0xB0, 0x01                                 ; 0221  mov al, 1
   110 00000123 E641                <1>     db 0xE6, 0x41                                 ; 0223  out 0x41, al
   111                              <1> 
   112                              <1> ; VRAM scratch bytes at B800:3FFC are 03h,03h,00h.
   113                              <1> L_0225:
   114 00000125 B800B8              <1>     db 0xB8, 0x00, 0xB8                           ; 0225  mov ax, 0xb800
   115 00000128 8EC0                <1>     db 0x8E, 0xC0                                 ; 0228  mov es, ax
   116 0000012A 8ED8                <1>     db 0x8E, 0xD8                                 ; 022A  mov ds, ax
   117 0000012C BFFC3F              <1>     db 0xBF, 0xFC, 0x3F                           ; 022C  mov di, 0x3ffc
   118 0000012F 89FE                <1>     db 0x89, 0xFE                                 ; 022F  mov si, di
   119 00000131 B80303              <1>     db 0xB8, 0x03, 0x03                           ; 0231  mov ax, 0x303
   120 00000134 AB                  <1>     db 0xAB                                       ; 0234  stosw word ptr es:[di], ax
   121 00000135 B000                <1>     db 0xB0, 0x00                                 ; 0235  mov al, 0
   122 00000137 AA                  <1>     db 0xAA                                       ; 0237  stosb byte ptr es:[di], al
   123 00000138 B2DA                <1>     db 0xB2, 0xDA                                 ; 0238  mov dl, 0xda
   124 0000013A B101                <1>     db 0xB1, 0x01                                 ; 023A  mov cl, 1
   125 0000013C EB00                <1>     db 0xEB, 0x00                                 ; 023C  jmp 0x23e
   126 0000013E B000                <1>     db 0xB0, 0x00                                 ; 023E  mov al, 0
   127                              <1> 
   128                              <1> ; MUL/VRAM-read delay sequence aligns execution using CGA wait states.
   129                              <1> L_0240:
   130 00000140 F6E1                <1>     db 0xF6, 0xE1                                 ; 0240  mul cl
   131 00000142 AC                  <1>     db 0xAC                                       ; 0242  lodsb al, byte ptr [si]
   132 00000143 F6E1                <1>     db 0xF6, 0xE1                                 ; 0243  mul cl
   133 00000145 90                  <1>     db 0x90                                       ; 0245  nop
   134 00000146 AC                  <1>     db 0xAC                                       ; 0246  lodsb al, byte ptr [si]
   135 00000147 F6E1                <1>     db 0xF6, 0xE1                                 ; 0247  mul cl
   136 00000149 90                  <1>     db 0x90                                       ; 0249  nop
   137 0000014A AC                  <1>     db 0xAC                                       ; 024A  lodsb al, byte ptr [si]
   138 0000014B F6E1                <1>     db 0xF6, 0xE1                                 ; 024B  mul cl
   139 0000014D B80100              <1>     db 0xB8, 0x01, 0x00                           ; 024D  mov ax, 1
   140 00000150 A801                <1>     db 0xA8, 0x01                                 ; 0250  test al, 1
   141 00000152 7500                <1>     db 0x75, 0x00                                 ; 0252  jne 0x254
   142                              <1> 
   143                              <1> ; DIV/NOP/3DA polling loop: repeat while status bit 0 is high.
   144                              <1> L_0254:
   145 00000154 B001                <1>     db 0xB0, 0x01                                 ; 0254  mov al, 1
   146 00000156 F6F1                <1>     db 0xF6, 0xF1                                 ; 0256  div cl
   147 00000158 90                  <1>     db 0x90                                       ; 0258  nop
   148 00000159 90                  <1>     db 0x90                                       ; 0259  nop
   149 0000015A 90                  <1>     db 0x90                                       ; 025A  nop
   150 0000015B 90                  <1>     db 0x90                                       ; 025B  nop
   151 0000015C 90                  <1>     db 0x90                                       ; 025C  nop
   152 0000015D 90                  <1>     db 0x90                                       ; 025D  nop
   153 0000015E EC                  <1>     db 0xEC                                       ; 025E  in al, dx
   154 0000015F A801                <1>     db 0xA8, 0x01                                 ; 025F  test al, 1
   155 00000161 75F1                <1>     db 0x75, 0xF1                                 ; 0261  jne 0x254
   156                              <1> 
   157                              <1> ; Mode 09h: 80-column text clock, video enabled; color select 02h.
   158                              <1> L_0263:
   159 00000163 BAD803              <1>     db 0xBA, 0xD8, 0x03                           ; 0263  mov dx, 0x3d8
   160 00000166 B009                <1>     db 0xB0, 0x09                                 ; 0266  mov al, 9
   161 00000168 EE                  <1>     db 0xEE                                       ; 0268  out dx, al
   162 00000169 42                  <1>     db 0x42                                       ; 0269  inc dx
   163 0000016A B002                <1>     db 0xB0, 0x02                                 ; 026A  mov al, 2
   164 0000016C EE                  <1>     db 0xEE                                       ; 026C  out dx, al
   165 0000016D B2D4                <1>     db 0xB2, 0xD4                                 ; 026D  mov dl, 0xd4
   166                              <1> 
   167                              <1> ; R0=113 => 114 chars * 8 dots = 912 dots = 76 PIT ticks/line.
   168                              <1> L_026F:
   169 0000016F B80071              <1>     db 0xB8, 0x00, 0x71                           ; 026F  mov ax, 0x7100
   170 00000172 EF                  <1>     db 0xEF                                       ; 0272  out dx, ax
   171 00000173 B80150              <1>     db 0xB8, 0x01, 0x50                           ; 0273  mov ax, 0x5001
   172 00000176 EF                  <1>     db 0xEF                                       ; 0276  out dx, ax
   173 00000177 B8025A              <1>     db 0xB8, 0x02, 0x5A                           ; 0277  mov ax, 0x5a02
   174 0000017A EF                  <1>     db 0xEF                                       ; 027A  out dx, ax
   175 0000017B B8030F              <1>     db 0xB8, 0x03, 0x0F                           ; 027B  mov ax, 0xf03
   176 0000017E EF                  <1>     db 0xEF                                       ; 027E  out dx, ax
   177                              <1> 
   178                              <1> ; R4=63, R5=0, R9=0 => temporary 64-scanline frame.
   179                              <1> L_027F:
   180 0000017F B8043F              <1>     db 0xB8, 0x04, 0x3F                           ; 027F  mov ax, 0x3f04
   181 00000182 EF                  <1>     db 0xEF                                       ; 0282  out dx, ax
   182 00000183 B80500              <1>     db 0xB8, 0x05, 0x00                           ; 0283  mov ax, 5
   183 00000186 EF                  <1>     db 0xEF                                       ; 0286  out dx, ax
   184 00000187 B80602              <1>     db 0xB8, 0x06, 0x02                           ; 0287  mov ax, 0x206
   185 0000018A EF                  <1>     db 0xEF                                       ; 028A  out dx, ax
   186 0000018B B80719              <1>     db 0xB8, 0x07, 0x19                           ; 028B  mov ax, 0x1907
   187 0000018E EF                  <1>     db 0xEF                                       ; 028E  out dx, ax
   188 0000018F B80800              <1>     db 0xB8, 0x08, 0x00                           ; 028F  mov ax, 8
   189 00000192 EF                  <1>     db 0xEF                                       ; 0292  out dx, ax
   190 00000193 40                  <1>     db 0x40                                       ; 0293  inc ax
   191 00000194 EF                  <1>     db 0xEF                                       ; 0294  out dx, ax
   192 00000195 B80A06              <1>     db 0xB8, 0x0A, 0x06                           ; 0295  mov ax, 0x60a
   193 00000198 EF                  <1>     db 0xEF                                       ; 0298  out dx, ax
   194 00000199 B80B07              <1>     db 0xB8, 0x0B, 0x07                           ; 0299  mov ax, 0x70b
   195 0000019C EF                  <1>     db 0xEF                                       ; 029C  out dx, ax
   196 0000019D B80C00              <1>     db 0xB8, 0x0C, 0x00                           ; 029D  mov ax, 0xc
   197 000001A0 EF                  <1>     db 0xEF                                       ; 02A0  out dx, ax
   198 000001A1 40                  <1>     db 0x40                                       ; 02A1  inc ax
   199 000001A2 EF                  <1>     db 0xEF                                       ; 02A2  out dx, ax
   200 000001A3 B80E3F              <1>     db 0xB8, 0x0E, 0x3F                           ; 02A3  mov ax, 0x3f0e
   201 000001A6 EF                  <1>     db 0xEF                                       ; 02A6  out dx, ax
   202 000001A7 B80FFF              <1>     db 0xB8, 0x0F, 0xFF                           ; 02A7  mov ax, 0xff0f
   203 000001AA EF                  <1>     db 0xEF                                       ; 02AA  out dx, ax
   204 000001AB B2DA                <1>     db 0xB2, 0xDA                                 ; 02AB  mov dl, 0xda
   205                              <1> 
   206                              <1> ; Wait for fresh VSYNC, then active display.
   207                              <1> L_02AD:
   208 000001AD EC                  <1>     db 0xEC                                       ; 02AD  in al, dx
   209 000001AE A808                <1>     db 0xA8, 0x08                                 ; 02AE  test al, 8
   210 000001B0 75FB                <1>     db 0x75, 0xFB                                 ; 02B0  jne 0x2ad
   211 000001B2 EC                  <1>     db 0xEC                                       ; 02B2  in al, dx
   212 000001B3 A808                <1>     db 0xA8, 0x08                                 ; 02B3  test al, 8
   213 000001B5 74FB                <1>     db 0x74, 0xFB                                 ; 02B5  je 0x2b2
   214 000001B7 EC                  <1>     db 0xEC                                       ; 02B7  in al, dx
   215 000001B8 A801                <1>     db 0xA8, 0x01                                 ; 02B8  test al, 1
   216 000001BA 75FB                <1>     db 0x75, 0xFB                                 ; 02BA  jne 0x2b7
   217                              <1> 
   218                              <1> ; R4=1: temporary two-scanline frame.
   219                              <1> L_02BC:
   220 000001BC B80401              <1>     db 0xB8, 0x04, 0x01                           ; 02BC  mov ax, 0x104
   221 000001BF B2D4                <1>     db 0xB2, 0xD4                                 ; 02BF  mov dl, 0xd4
   222 000001C1 EF                  <1>     db 0xEF                                       ; 02C1  out dx, ax
   223                              <1> 
   224                              <1> ; PIT0 mode 2, count 2: establish timer interrupt pending state.
   225                              <1> L_02C2:
   226 000001C2 B034                <1>     db 0xB0, 0x34                                 ; 02C2  mov al, 0x34
   227 000001C4 E643                <1>     db 0xE6, 0x43                                 ; 02C4  out 0x43, al
   228 000001C6 B002                <1>     db 0xB0, 0x02                                 ; 02C6  mov al, 2
   229 000001C8 E640                <1>     db 0xE6, 0x40                                 ; 02C8  out 0x40, al
   230 000001CA B000                <1>     db 0xB0, 0x00                                 ; 02CA  mov al, 0
   231 000001CC E640                <1>     db 0xE6, 0x40                                 ; 02CC  out 0x40, al
   232 000001CE 31C0                <1>     db 0x31, 0xC0                                 ; 02CE  xor ax, ax
   233 000001D0 8ED8                <1>     db 0x8E, 0xD8                                 ; 02D0  mov ds, ax
   234                              <1> 
   235                              <1> ; Install first acquisition IRQ0 handler, CS:032C.
   236                              <1> L_02D2:
   237 000001D2 C70620002C03        <1>     db 0xC7, 0x06, 0x20, 0x00, 0x2C, 0x03         ; 02D2  mov word ptr [0x20], 0x32c
   238 000001D8 8C0E2200            <1>     db 0x8C, 0x0E, 0x22, 0x00                     ; 02D8  mov word ptr [0x22], cs
   239 000001DC B2DA                <1>     db 0xB2, 0xDA                                 ; 02DC  mov dl, 0xda
   240                              <1> 
   241                              <1> ; Wait for status bit 0 high, then low (display edge).
   242                              <1> L_02DE:
   243 000001DE EC                  <1>     db 0xEC                                       ; 02DE  in al, dx
   244 000001DF A801                <1>     db 0xA8, 0x01                                 ; 02DF  test al, 1
   245 000001E1 74FB                <1>     db 0x74, 0xFB                                 ; 02E1  je 0x2de
   246 000001E3 EC                  <1>     db 0xEC                                       ; 02E3  in al, dx
   247 000001E4 A801                <1>     db 0xA8, 0x01                                 ; 02E4  test al, 1
   248 000001E6 75FB                <1>     db 0x75, 0xFB                                 ; 02E6  jne 0x2e3
   249                              <1> 
   250                              <1> ; Optional one-character line stretch; release control byte = 00h.
   251                              <1> L_02E8:
   252 000001E8 2E803EE84501        <1>     db 0x2E, 0x80, 0x3E, 0xE8, 0x45, 0x01         ; 02E8  cmp byte ptr cs:[0x45e8], 1
   253 000001EE 7524                <1>     db 0x75, 0x24                                 ; 02EE  jne 0x314
   254                              <1> 
   255                              <1> ; If control byte==1, temporarily set R0=114 (one extra character).
   256                              <1> L_02F0:
   257 000001F0 B2D4                <1>     db 0xB2, 0xD4                                 ; 02F0  mov dl, 0xd4
   258 000001F2 B80072              <1>     db 0xB8, 0x00, 0x72                           ; 02F2  mov ax, 0x7200
   259 000001F5 EF                  <1>     db 0xEF                                       ; 02F5  out dx, ax
   260 000001F6 B2DA                <1>     db 0xB2, 0xDA                                 ; 02F6  mov dl, 0xda
   261 000001F8 EC                  <1>     db 0xEC                                       ; 02F8  in al, dx
   262 000001F9 A801                <1>     db 0xA8, 0x01                                 ; 02F9  test al, 1
   263 000001FB 74FB                <1>     db 0x74, 0xFB                                 ; 02FB  je 0x2f8
   264 000001FD EC                  <1>     db 0xEC                                       ; 02FD  in al, dx
   265 000001FE A801                <1>     db 0xA8, 0x01                                 ; 02FE  test al, 1
   266 00000200 75FB                <1>     db 0x75, 0xFB                                 ; 0300  jne 0x2fd
   267                              <1> 
   268                              <1> ; Restore R0=113 after the optional stretch.
   269                              <1> L_0302:
   270 00000202 B2D4                <1>     db 0xB2, 0xD4                                 ; 0302  mov dl, 0xd4
   271 00000204 B80071              <1>     db 0xB8, 0x00, 0x71                           ; 0304  mov ax, 0x7100
   272 00000207 EF                  <1>     db 0xEF                                       ; 0307  out dx, ax
   273 00000208 B2DA                <1>     db 0xB2, 0xDA                                 ; 0308  mov dl, 0xda
   274 0000020A EC                  <1>     db 0xEC                                       ; 030A  in al, dx
   275 0000020B A801                <1>     db 0xA8, 0x01                                 ; 030B  test al, 1
   276 0000020D 74FB                <1>     db 0x74, 0xFB                                 ; 030D  je 0x30a
   277 0000020F EC                  <1>     db 0xEC                                       ; 030F  in al, dx
   278 00000210 A801                <1>     db 0xA8, 0x01                                 ; 0310  test al, 1
   279 00000212 75FB                <1>     db 0x75, 0xFB                                 ; 0312  jne 0x30f
   280                              <1> 
   281                              <1> ; Wait for another display edge before starting acquisition timer.
   282                              <1> L_0314:
   283 00000214 EC                  <1>     db 0xEC                                       ; 0314  in al, dx
   284 00000215 A801                <1>     db 0xA8, 0x01                                 ; 0315  test al, 1
   285 00000217 74FB                <1>     db 0x74, 0xFB                                 ; 0317  je 0x314
   286 00000219 EC                  <1>     db 0xEC                                       ; 0319  in al, dx
   287 0000021A A801                <1>     db 0xA8, 0x01                                 ; 031A  test al, 1
   288 0000021C 75FB                <1>     db 0x75, 0xFB                                 ; 031C  jne 0x319
   289                              <1> 
   290                              <1> ; PIT0 mode 2, initial count 31; STI/HLT gives controlled IRQ entry.
   291                              <1> L_031E:
   292 0000021E B034                <1>     db 0xB0, 0x34                                 ; 031E  mov al, 0x34
   293 00000220 E643                <1>     db 0xE6, 0x43                                 ; 0320  out 0x43, al
   294 00000222 B01F                <1>     db 0xB0, 0x1F                                 ; 0322  mov al, 0x1f
   295 00000224 E640                <1>     db 0xE6, 0x40                                 ; 0324  out 0x40, al
   296 00000226 B000                <1>     db 0xB0, 0x00                                 ; 0326  mov al, 0
   297 00000228 E640                <1>     db 0xE6, 0x40                                 ; 0328  out 0x40, al
   298 0000022A FB                  <1>     db 0xFB                                       ; 032A  sti
   299 0000022B F4                  <1>     db 0xF4                                       ; 032B  hlt
   300                              <1> 
   301                              <1> ; IRQ stage 1: write count 75 without rewriting mode; select 0340.
   302                              <1> L_032C:
   303 0000022C B04B                <1>     db 0xB0, 0x4B                                 ; 032C  mov al, 0x4b
   304 0000022E E640                <1>     db 0xE6, 0x40                                 ; 032E  out 0x40, al
   305 00000230 B000                <1>     db 0xB0, 0x00                                 ; 0330  mov al, 0
   306 00000232 E640                <1>     db 0xE6, 0x40                                 ; 0332  out 0x40, al
   307 00000234 C70620004003        <1>     db 0xC7, 0x06, 0x20, 0x00, 0x40, 0x03         ; 0334  mov word ptr [0x20], 0x340
   308 0000023A B020                <1>     db 0xB0, 0x20                                 ; 033A  mov al, 0x20
   309 0000023C E620                <1>     db 0xE6, 0x20                                 ; 033C  out 0x20, al
   310 0000023E FB                  <1>     db 0xFB                                       ; 033E  sti
   311 0000023F F4                  <1>     db 0xF4                                       ; 033F  hlt
   312                              <1> 
   313                              <1> ; IRQ stage 2: sample 3DA bit 0; repeat until it is HIGH.
   314                              <1> L_0340:
   315 00000240 EC                  <1>     db 0xEC                                       ; 0340  in al, dx
   316 00000241 A801                <1>     db 0xA8, 0x01                                 ; 0341  test al, 1
   317 00000243 7406                <1>     db 0x74, 0x06                                 ; 0343  je 0x34b
   318                              <1> 
   319                              <1> ; Detected blanking side of edge: next IRQ advances to 0354.
   320                              <1> L_0345:
   321 00000245 C70620005403        <1>     db 0xC7, 0x06, 0x20, 0x00, 0x54, 0x03         ; 0345  mov word ptr [0x20], 0x354
   322 0000024B B020                <1>     db 0xB0, 0x20                                 ; 034B  mov al, 0x20
   323                              <1> 
   324                              <1> ; Reset SP: this chain discards interrupt frames and uses STI/HLT.
   325                              <1> L_034D:
   326 0000024D E620                <1>     db 0xE6, 0x20                                 ; 034D  out 0x20, al
   327 0000024F BC94EC              <1>     db 0xBC, 0x94, 0xEC                           ; 034F  mov sp, 0xec94
   328 00000252 FB                  <1>     db 0xFB                                       ; 0352  sti
   329 00000253 F4                  <1>     db 0xF4                                       ; 0353  hlt
   330                              <1> 
   331                              <1> ; IRQ stage 3: write CS:45E6 = 0045h (69 PIT ticks).
   332                              <1> L_0354:
   333 00000254 2EA1E645            <1>     db 0x2E, 0xA1, 0xE6, 0x45                     ; 0354  mov ax, word ptr cs:[0x45e6]
   334 00000258 E640                <1>     db 0xE6, 0x40                                 ; 0358  out 0x40, al
   335 0000025A 88E0                <1>     db 0x88, 0xE0                                 ; 035A  mov al, ah
   336 0000025C E640                <1>     db 0xE6, 0x40                                 ; 035C  out 0x40, al
   337 0000025E C70620006D03        <1>     db 0xC7, 0x06, 0x20, 0x00, 0x6D, 0x03         ; 035E  mov word ptr [0x20], 0x36d
   338 00000264 B020                <1>     db 0xB0, 0x20                                 ; 0364  mov al, 0x20
   339 00000266 E620                <1>     db 0xE6, 0x20                                 ; 0366  out 0x20, al
   340 00000268 BC94EC              <1>     db 0xBC, 0x94, 0xEC                           ; 0368  mov sp, 0xec94
   341 0000026B FB                  <1>     db 0xFB                                       ; 036B  sti
   342 0000026C F4                  <1>     db 0xF4                                       ; 036C  hlt
   343                              <1> 
   344                              <1> ; IRQ stage 4: pipeline handoff; next IRQ selects 037C.
   345                              <1> L_036D:
   346 0000026D C70620007C03        <1>     db 0xC7, 0x06, 0x20, 0x00, 0x7C, 0x03         ; 036D  mov word ptr [0x20], 0x37c
   347 00000273 B020                <1>     db 0xB0, 0x20                                 ; 0373  mov al, 0x20
   348 00000275 E620                <1>     db 0xE6, 0x20                                 ; 0375  out 0x20, al
   349 00000277 BC94EC              <1>     db 0xBC, 0x94, 0xEC                           ; 0377  mov sp, 0xec94
   350 0000027A FB                  <1>     db 0xFB                                       ; 037A  sti
   351 0000027B F4                  <1>     db 0xF4                                       ; 037B  hlt
   352                              <1> 
   353                              <1> ; IRQ stage 5: re-enable periodic refresh, PIT1 mode 2/count 19.
   354                              <1> L_037C:
   355 0000027C B054                <1>     db 0xB0, 0x54                                 ; 037C  mov al, 0x54
   356 0000027E E643                <1>     db 0xE6, 0x43                                 ; 037E  out 0x43, al
   357 00000280 B013                <1>     db 0xB0, 0x13                                 ; 0380  mov al, 0x13
   358 00000282 E641                <1>     db 0xE6, 0x41                                 ; 0382  out 0x41, al
   359 00000284 B020                <1>     db 0xB0, 0x20                                 ; 0384  mov al, 0x20
   360 00000286 E620                <1>     db 0xE6, 0x20                                 ; 0386  out 0x20, al
   361 00000288 BC94EC              <1>     db 0xBC, 0x94, 0xEC                           ; 0388  mov sp, 0xec94
   362                              <1> 
   363                              <1> ; Restore R4=63: 64 lines, 4864 PIT ticks/frame.
   364                              <1> L_038B:
   365 0000028B B2D4                <1>     db 0xB2, 0xD4                                 ; 038B  mov dl, 0xd4
   366 0000028D B8043F              <1>     db 0xB8, 0x04, 0x3F                           ; 038D  mov ax, 0x3f04
   367 00000290 EF                  <1>     db 0xEF                                       ; 0390  out dx, ax
   368 00000291 B2DA                <1>     db 0xB2, 0xDA                                 ; 0391  mov dl, 0xda
   369                              <1> 
   370                              <1> ; Wait for VSYNC low/high and then active display.
   371                              <1> L_0393:
   372 00000293 EC                  <1>     db 0xEC                                       ; 0393  in al, dx
   373 00000294 A808                <1>     db 0xA8, 0x08                                 ; 0394  test al, 8
   374 00000296 75FB                <1>     db 0x75, 0xFB                                 ; 0396  jne 0x393
   375 00000298 EC                  <1>     db 0xEC                                       ; 0398  in al, dx
   376 00000299 A808                <1>     db 0xA8, 0x08                                 ; 0399  test al, 8
   377 0000029B 74FB                <1>     db 0x74, 0xFB                                 ; 039B  je 0x398
   378 0000029D EC                  <1>     db 0xEC                                       ; 039D  in al, dx
   379 0000029E A801                <1>     db 0xA8, 0x01                                 ; 039E  test al, 1
   380 000002A0 75FB                <1>     db 0x75, 0xFB                                 ; 03A0  jne 0x39d
   381                              <1> 
   382                              <1> ; PIT0 mode 2/count 12FFh=4863: one tick shorter than 64-line frame.
   383                              <1> L_03A2:
   384 000002A2 B034                <1>     db 0xB0, 0x34                                 ; 03A2  mov al, 0x34
   385 000002A4 E643                <1>     db 0xE6, 0x43                                 ; 03A4  out 0x43, al
   386 000002A6 B0FF                <1>     db 0xB0, 0xFF                                 ; 03A6  mov al, 0xff
   387 000002A8 E640                <1>     db 0xE6, 0x40                                 ; 03A8  out 0x40, al
   388 000002AA B012                <1>     db 0xB0, 0x12                                 ; 03AA  mov al, 0x12
   389 000002AC E640                <1>     db 0xE6, 0x40                                 ; 03AC  out 0x40, al
   390 000002AE C7062000B603        <1>     db 0xC7, 0x06, 0x20, 0x00, 0xB6, 0x03         ; 03AE  mov word ptr [0x20], 0x3b6
   391 000002B4 FB                  <1>     db 0xFB                                       ; 03B4  sti
   392 000002B5 F4                  <1>     db 0xF4                                       ; 03B5  hlt
   393                              <1> 
   394                              <1> ; IRQ stage 6: sample status bit 0; repeat until HIGH.
   395                              <1> L_03B6:
   396 000002B6 EC                  <1>     db 0xEC                                       ; 03B6  in al, dx
   397 000002B7 A801                <1>     db 0xA8, 0x01                                 ; 03B7  test al, 1
   398 000002B9 7406                <1>     db 0x74, 0x06                                 ; 03B9  je 0x3c1
   399 000002BB C7062000CA03        <1>     db 0xC7, 0x06, 0x20, 0x00, 0xCA, 0x03         ; 03BB  mov word ptr [0x20], 0x3ca
   400 000002C1 B020                <1>     db 0xB0, 0x20                                 ; 03C1  mov al, 0x20
   401 000002C3 E620                <1>     db 0xE6, 0x20                                 ; 03C3  out 0x20, al
   402 000002C5 BC94EC              <1>     db 0xBC, 0x94, 0xEC                           ; 03C5  mov sp, 0xec94
   403 000002C8 FB                  <1>     db 0xFB                                       ; 03C8  sti
   404 000002C9 F4                  <1>     db 0xF4                                       ; 03C9  hlt
   405                              <1> 
   406                              <1> ; IRQ stage 7: write CS:45E4 = 13FDh (5117 PIT ticks).
   407                              <1> L_03CA:
   408 000002CA 2EA1E445            <1>     db 0x2E, 0xA1, 0xE4, 0x45                     ; 03CA  mov ax, word ptr cs:[0x45e4]
   409 000002CE E640                <1>     db 0xE6, 0x40                                 ; 03CE  out 0x40, al
   410 000002D0 88E0                <1>     db 0x88, 0xE0                                 ; 03D0  mov al, ah
   411 000002D2 E640                <1>     db 0xE6, 0x40                                 ; 03D2  out 0x40, al
   412 000002D4 C7062000E303        <1>     db 0xC7, 0x06, 0x20, 0x00, 0xE3, 0x03         ; 03D4  mov word ptr [0x20], 0x3e3
   413 000002DA B020                <1>     db 0xB0, 0x20                                 ; 03DA  mov al, 0x20
   414 000002DC E620                <1>     db 0xE6, 0x20                                 ; 03DC  out 0x20, al
   415 000002DE BC94EC              <1>     db 0xBC, 0x94, 0xEC                           ; 03DE  mov sp, 0xec94
   416 000002E1 FB                  <1>     db 0xFB                                       ; 03E1  sti
   417 000002E2 F4                  <1>     db 0xF4                                       ; 03E2  hlt
   418                              <1> 
   419                              <1> ; IRQ stage 8: write 4DC8h=19912 PIT ticks; select frame ISR 0400.
   420                              <1> L_03E3:
   421 000002E3 B8C800              <1>     db 0xB8, 0xC8, 0x00                           ; 03E3  mov ax, 0xc8
   422 000002E6 E640                <1>     db 0xE6, 0x40                                 ; 03E6  out 0x40, al
   423 000002E8 B04D                <1>     db 0xB0, 0x4D                                 ; 03E8  mov al, 0x4d
   424 000002EA E640                <1>     db 0xE6, 0x40                                 ; 03EA  out 0x40, al
   425 000002EC C70620000004        <1>     db 0xC7, 0x06, 0x20, 0x00, 0x00, 0x04         ; 03EC  mov word ptr [0x20], 0x400
   426 000002F2 B020                <1>     db 0xB0, 0x20                                 ; 03F2  mov al, 0x20
   427 000002F4 E620                <1>     db 0xE6, 0x20                                 ; 03F4  out 0x20, al
   428 000002F6 BC94EC              <1>     db 0xBC, 0x94, 0xEC                           ; 03F6  mov sp, 0xec94
   429                              <1> 
   430                              <1> ; DS=sample segment before steady ISR begins; STI/HLT.
   431                              <1> L_03F9:
   432 000002F9 2E8E1EC645          <1>     db 0x2E, 0x8E, 0x1E, 0xC6, 0x45               ; 03F9  mov ds, word ptr cs:[0x45c6]
   433 000002FE FB                  <1>     db 0xFB                                       ; 03FE  sti
   434 000002FF F4                  <1>     db 0xF4                                       ; 03FF  hlt
    22                                  ; The original final handler selects 0400h. All mode-dependent work begins here.
    23                                  mode4_handoff:
    24 00000300 FA                          cli
    25 00000301 BC94EC                      mov sp,0EC94h
    26 00000304 0E                          push cs
    27 00000305 1F                          pop ds
    28 00000306 B020                        mov al,20h
    29 00000308 E620                        out 20h,al
    30 0000030A BAD803                      mov dx,03D8h
    31 0000030D B002                        mov al,02h                 ; graphics, 40-column clock, display disabled
    32 0000030F EE                          out dx,al
    33 00000310 BAD403                      mov dx,03D4h
    34 00000313 BE[110D]                    mov si,mode4_crtc
    35 00000316 B90C00                      mov cx,12
    36                                  .crtc:
    37 00000319 AD                          lodsw
    38 0000031A EF                          out dx,ax
    39 0000031B E2FC                        loop .crtc
    40 0000031D BAD903                      mov dx,03D9h
    41 00000320 B031                        mov al,31h                 ; white index 3 / dark-blue background while hunting
    42 00000322 EE                          out dx,al
    43 00000323 4A                          dec dx
    44 00000324 B00A                        mov al,0Ah                 ; ordinary BIOS-mode-4 interpretation
    45 00000326 EE                          out dx,al
    46 00000327 C706[0C0D]0001              mov word [hunt_left],256
    47 0000032D C606[0B0D]00                mov byte [seen_high],0
    48 00000332 C706[0E0D]100E              mov word [frames_left],DISPLAY_FRAMES
    49 00000338 C606[100D]00                mov byte [stop_requested],0
    50 0000033D 31C0                        xor ax,ax
    51 0000033F 8EC0                        mov es,ax
    52 00000341 26C7062000[0004]            mov word [es:20h],mode4_probe
    53 00000348 268C0E2200                  mov [es:22h],cs
    54 0000034D BADA03                      mov dx,03DAh
    55                                      ; Two fresh VSYNC edges let the standard 262-line geometry settle.
    56 00000350 B90200                      mov cx,2
    57                                  .settle_low:
    58 00000353 EC                          in al,dx
    59 00000354 A808                        test al,8
    60 00000356 75FB                        jnz .settle_low
    61                                  .settle_high:
    62 00000358 EC                          in al,dx
    63 00000359 A808                        test al,8
    64 0000035B 74FB                        jz .settle_high
    65 0000035D E2F4                        loop .settle_low
    66 0000035F B034                        mov al,34h
    67 00000361 E643                        out 43h,al
    68 00000363 B8C74D                      mov ax,19911               ; one PIT tick shorter than the graphics frame
    69 00000366 E640                        out 40h,al
    70 00000368 88E0                        mov al,ah
    71 0000036A E640                        out 40h,al
    72 0000036C BC94EC                      mov sp,0EC94h
    73 0000036F FB                          sti
    74 00000370 F4                          hlt
    75 00000371 EBFE                        jmp $                      ; timer should always enter a handler
    76                                  
    77 00000373 90<rep 8Dh>                 times 0500h-($-$$+100h) db 90h
    78                                  mode4_probe:
    79                                      ; This IN is at the same instruction offset on every probe entry.
    80 00000400 EC                          in al,dx                   ; DX stays 3DAh throughout the hunt
    81 00000401 A808                        test al,8
    82 00000403 7408                        jz .low
    83 00000405 2EC606[0B0D]01              mov byte [cs:seen_high],1
    84 0000040B EB08                        jmp short .again
    85                                  .low:
    86 0000040D 2E803E[0B0D]01              cmp byte [cs:seen_high],1  ; do not mistake a stale first IRQ for acquisition
    87 00000413 741B                        je .found
    88                                  .again:
    89 00000415 2EFF0E[0C0D]                dec word [cs:hunt_left]
    90 0000041A 740B                        jz .failed
    91 0000041C B020                        mov al,20h
    92 0000041E E620                        out 20h,al
    93 00000420 BC94EC                      mov sp,0EC94h
    94 00000423 FB                          sti
    95 00000424 F4                          hlt
    96 00000425 EBFE                        jmp $
    97                                  .failed:
    98 00000427 2EC606[0A0D]01              mov byte [cs:result_code],1
    99 0000042D E9D006                      jmp cleanup
   100                                  .found:
   101                                      ; The current 19911 period finishes before MARKER_TICKS takes effect.
   102 00000430 B8A80D                      mov ax,MARKER_TICKS
   103 00000433 E640                        out 40h,al
   104 00000435 88E0                        mov al,ah
   105 00000437 E640                        out 40h,al
   106 00000439 31C0                        xor ax,ax
   107 0000043B 8EC0                        mov es,ax
   108 0000043D 26C7062000[0005]            mov word [es:20h],marker_bridge
   109 00000444 B020                        mov al,20h
   110 00000446 E620                        out 20h,al
   111 00000448 BC94EC                      mov sp,0EC94h
   112 0000044B FB                          sti
   113 0000044C F4                          hlt
   114 0000044D EBFE                        jmp $
   115                                  
   116 0000044F 90<rep B1h>                 times 0600h-($-$$+100h) db 90h
   117                                  marker_bridge:
   118                                      ; MARKER_TICKS is now counting. Queue the steady frame period after it.
   119 00000500 B8C84D                      mov ax,19912
   120 00000503 E640                        out 40h,al
   121 00000505 88E0                        mov al,ah
   122 00000507 E640                        out 40h,al
   123 00000509 31C0                        xor ax,ax
   124 0000050B 8EC0                        mov es,ax
   125 0000050D 26C7062000[0006]            mov word [es:20h],marker_irq
   126 00000514 BAD903                      mov dx,03D9h
   127 00000517 B030                        mov al,30h                 ; white reference / black background
   128 00000519 EE                          out dx,al
   129 0000051A B0FC                        mov al,0FCh                ; IRQ0 + our Escape handler; all others masked
   130 0000051C E621                        out 21h,al
   131 0000051E B020                        mov al,20h
   132 00000520 E620                        out 20h,al
   133 00000522 BC94EC                      mov sp,0EC94h
   134                                  .idle:
   135 00000525 FB                          sti
   136 00000526 F4                          hlt
   137 00000527 EBFC                        jmp short .idle
   138                                  
   139 00000529 90<rep D7h>                 times 0700h-($-$$+100h) db 90h
   140                                  marker_irq:
   141 00000600 B03C                        mov al,3Ch                 ; red index 0; the fixed bitmap stays white
   142                                  marker_on:
   143 00000602 EE                          out dx,al                  ; measurement point: CS:0702, port 3D9h
   144 00000603 90<rep 40h>                 times 64 nop               ; visible pulse, width is measured, not assumed
   145 00000643 B030                        mov al,30h
   146                                  marker_off:
   147 00000645 EE                          out dx,al
   148 00000646 2E803E[100D]00              cmp byte [cs:stop_requested],0
   149 0000064C 7512                        jne .done
   150 0000064E 2EFF0E[0E0D]                dec word [cs:frames_left]
   151 00000653 740B                        jz .done
   152 00000655 B020                        mov al,20h
   153 00000657 E620                        out 20h,al
   154 00000659 BC94EC                      mov sp,0EC94h
   155                                  .idle:
   156 0000065C FB                          sti
   157 0000065D F4                          hlt
   158 0000065E EBFC                        jmp short .idle
   159                                  .done:
   160 00000660 E99D04                      jmp cleanup
   161                                  
   162                                  keyboard_irq:
   163 00000663 50                          push ax
   164 00000664 E460                        in al,60h
   165 00000666 3C01                        cmp al,01h                 ; Escape make code
   166 00000668 7506                        jne .ack
   167 0000066A 2EC606[100D]01              mov byte [cs:stop_requested],1
   168                                  .ack:
   169 00000670 E461                        in al,61h
   170 00000672 88C4                        mov ah,al
   171 00000674 0C80                        or al,80h
   172 00000676 E661                        out 61h,al
   173 00000678 88E0                        mov al,ah
   174 0000067A E661                        out 61h,al
   175 0000067C B020                        mov al,20h
   176 0000067E E620                        out 20h,al
   177 00000680 58                          pop ax
   178 00000681 CF                          iret
   179                                  
   180 00000682 90<rep 17Eh>                times 0900h-($-$$+100h) db 90h
   181                                  setup:
   182 00000800 FA                          cli
   183 00000801 8CC8                        mov ax,cs
   184 00000803 8ED0                        mov ss,ax
   185 00000805 BC94EC                      mov sp,0EC94h
   186 00000808 8ED8                        mov ds,ax
   187 0000080A FB                          sti
   188 0000080B FC                          cld
   189 0000080C B80400                      mov ax,0004h
   190 0000080F CD10                        int 10h
   191 00000811 0E                          push cs
   192 00000812 1F                          pop ds
   193 00000813 B800B8                      mov ax,0B800h
   194 00000816 8EC0                        mov es,ax
   195 00000818 31FF                        xor di,di
   196 0000081A BE[004F]                    mov si,bitmap
   197 0000081D B90020                      mov cx,2000h
   198 00000820 F3A5                        rep movsw
   199 00000822 FA                          cli
   200 00000823 31C0                        xor ax,ax
   201 00000825 8EC0                        mov es,ax
   202 00000827 26A12000                    mov ax,[es:20h]
   203 0000082B A3[000D]                    mov [old_irq0],ax
   204 0000082E 26A12200                    mov ax,[es:22h]
   205 00000832 A3[020D]                    mov [old_irq0+2],ax
   206 00000835 26A12400                    mov ax,[es:24h]
   207 00000839 A3[040D]                    mov [old_irq1],ax
   208 0000083C 26A12600                    mov ax,[es:26h]
   209 00000840 A3[060D]                    mov [old_irq1+2],ax
   210 00000843 26C7062400[6306]            mov word [es:24h],keyboard_irq
   211 0000084A 268C0E2600                  mov [es:26h],cs
   212 0000084F E421                        in al,21h
   213 00000851 A2[080D]                    mov [old_pic],al
   214 00000854 E461                        in al,61h
   215 00000856 A2[090D]                    mov [old_speaker],al
   216 00000859 B0FE                        mov al,0FEh
   217 0000085B E621                        out 21h,al
   218 0000085D 8C0E[C644]                  mov [sample_segment],cs     ; preserves original 03F9h instruction behavior
   219 00000861 C606[0A0D]00                mov byte [result_code],0
   220 00000866 8CC8                        mov ax,cs
   221 00000868 8ED8                        mov ds,ax
   222                                      times ENTRY_NOPS nop        ; optional entry perturbation, before acquisition
   223 0000086A E915F8                      jmp L_0182
   224                                  
   225 0000086D 90<rep 293h>                times 0C00h-($-$$+100h) db 90h
   226                                  cleanup:
   227 00000B00 FA                          cli
   228 00000B01 8CC8                        mov ax,cs
   229 00000B03 8ED0                        mov ss,ax
   230 00000B05 BC94EC                      mov sp,0EC94h
   231 00000B08 8ED8                        mov ds,ax
   232 00000B0A B020                        mov al,20h
   233 00000B0C E620                        out 20h,al
   234 00000B0E B054                        mov al,54h
   235 00000B10 E643                        out 43h,al
   236 00000B12 B012                        mov al,18
   237 00000B14 E641                        out 41h,al                 ; standard refresh restored
   238 00000B16 B034                        mov al,34h
   239 00000B18 E643                        out 43h,al
   240 00000B1A 30C0                        xor al,al
   241 00000B1C E640                        out 40h,al
   242 00000B1E E640                        out 40h,al                 ; BIOS timer baseline: 65536 ticks
   243 00000B20 31C0                        xor ax,ax
   244 00000B22 8EC0                        mov es,ax
   245 00000B24 A1[000D]                    mov ax,[old_irq0]
   246 00000B27 26A32000                    mov [es:20h],ax
   247 00000B2B A1[020D]                    mov ax,[old_irq0+2]
   248 00000B2E 26A32200                    mov [es:22h],ax
   249 00000B32 A1[040D]                    mov ax,[old_irq1]
   250 00000B35 26A32400                    mov [es:24h],ax
   251 00000B39 A1[060D]                    mov ax,[old_irq1+2]
   252 00000B3C 26A32600                    mov [es:26h],ax
   253 00000B40 A0[090D]                    mov al,[old_speaker]
   254 00000B43 E661                        out 61h,al
   255 00000B45 A0[080D]                    mov al,[old_pic]
   256 00000B48 E621                        out 21h,al
   257 00000B4A FB                          sti
   258 00000B4B B80300                      mov ax,0003h
   259 00000B4E CD10                        int 10h
   260 00000B50 0E                          push cs
   261 00000B51 1F                          pop ds
   262 00000B52 BA[290D]                    mov dx,msg_done
   263 00000B55 803E[0A0D]00                cmp byte [result_code],0
   264 00000B5A 7403                        je .report
   265 00000B5C BA[A60D]                    mov dx,msg_failed
   266                                  .report:
   267 00000B5F B409                        mov ah,09h
   268 00000B61 CD21                        int 21h
   269 00000B63 A0[0A0D]                    mov al,[result_code]
   270 00000B66 B44C                        mov ah,4Ch
   271 00000B68 CD21                        int 21h
   272                                  
   273 00000B6A 00<rep 196h>                times 0E00h-($-$$+100h) db 0
   274 00000D00 00000000                old_irq0:       dd 0
   275 00000D04 00000000                old_irq1:       dd 0
   276 00000D08 00                      old_pic:        db 0
   277 00000D09 00                      old_speaker:    db 0
   278 00000D0A 00                      result_code:    db 0
   279 00000D0B 00                      seen_high:      db 0
   280 00000D0C 0001                    hunt_left:      dw 256
   281 00000D0E 100E                    frames_left:    dw DISPLAY_FRAMES
   282 00000D10 00                      stop_requested: db 0
   283                                  mode4_crtc:
   284 00000D11 00380128022D030A04-         dw 3800h,2801h,2D02h,0A03h,7F04h,0605h
   284 00000D1A 7F0506             
   285 00000D1D 06640770080209010C-         dw 6406h,7007h,0208h,0109h,000Ch,000Dh
   285 00000D26 000D00             
   286                                  msg_done:
   287 00000D29 53544152544C434B20-         db 'STARTLCK finished. Run STARTLCK to acquire again.',13,10
   287 00000D32 66696E69736865642E-
   287 00000D3B 2052756E2053544152-
   287 00000D44 544C434B20746F2061-
   287 00000D4D 637175697265206167-
   287 00000D56 61696E2E0D0A       
   288 00000D5C 4120737461626C6520-         db 'A stable marker is a test observation, not a hardware lock certificate.',13,10,'$'
   288 00000D65 6D61726B6572206973-
   288 00000D6E 20612074657374206F-
   288 00000D77 62736572766174696F-
   288 00000D80 6E2C206E6F74206120-
   288 00000D89 686172647761726520-
   288 00000D92 6C6F636B2063657274-
   288 00000D9B 696669636174652E0D-
   288 00000DA4 0A24               
   289                                  msg_failed:
   290 00000DA6 53544152544C434B3A-         db 'STARTLCK: mode-4 acquisition timed out; no lock claimed.',13,10,'$'
   290 00000DAF 206D6F64652D342061-
   290 00000DB8 63717569736974696F-
   290 00000DC1 6E2074696D6564206F-
   290 00000DCA 75743B206E6F206C6F-
   290 00000DD3 636B20636C61696D65-
   290 00000DDC 642E0D0A24         
   291                                  
   292                                      ; Absolute data references preserved from the released initializer.
   293 00000DE1 00<rep 36E5h>               times 45C6h-($-$$+100h) db 0
   294 000044C6 0000                    sample_segment: dw 0
   295 000044C8 00<rep 1Ch>                 times 45E4h-($-$$+100h) db 0
   296 000044E4 FD1345000000                dw 13FDh,0045h,0000h
   297                                  
   298 000044EA 00<rep A16h>                times 5000h-($-$$+100h) db 0
   299                                  bitmap:
   300 00004F00 <bin 4000h>                 incbin "external/research/startlock-build/ruler.bin"
